// Jest Snapshot v1, https://goo.gl/fbAQLP

exports[`ExchangerBar should render correctly 1`] = `
Array [
  <div
    className="exchanger-bar"
  >
    <button
      className="exchanger-bar__button exchanger-bar__button--swap"
      onClick={[Function]}
    />
    <button
      className="exchanger-bar__button exchanger-bar__button--rates"
    >
      
      1 = 
      
    </button>
    <div
      className="exchanger-bar__empty-action"
    />
  </div>,
]
`;
