// Jest Snapshot v1, https://goo.gl/fbAQLP

exports[`ExchangeWidget should render correctly 1`] = `
Array [
  <div
    className="exchange-widget"
  >
    <h2
      className="exchange-widget__title"
    >
      Exchange
    </h2>
    <Exchanger />
  </div>,
]
`;
